// Jest Snapshot v1, https://goo.gl/fbAQLP

exports[`CreateStudent Component should render the component 1`] = `
<DocumentFragment>
  <div>
    <p
      class="error-message"
    />
    <h1>
      Create Student:
    </h1>
    <div
      class="create-student-details-input"
    >
      <div>
        <label>
          Name:
          <input
            aria-label="Name"
            value=""
          />
        </label>
      </div>
      <div>
        <label>
          Age:
          <input
            aria-label="Age"
            value=""
          />
        </label>
      </div>
      <div>
        <label>
          RollNo:
          <input
            aria-label="RollNo"
            value=""
          />
        </label>
      </div>
    </div>
    <br />
    <div
      class="create-student-buttons"
    >
      <button
        data-testid="create-student-go-back-btn"
      >
        <svg
          aria-hidden="true"
          class="MuiSvgIcon-root MuiSvgIcon-fontSizeMedium css-i4bv87-MuiSvgIcon-root"
          data-testid="ArrowBackIcon"
          focusable="false"
          viewBox="0 0 24 24"
        >
          <path
            d="M20 11H7.83l5.59-5.59L12 4l-8 8 8 8 1.41-1.41L7.83 13H20v-2z"
          />
        </svg>
      </button>
      <button
        data-testid="doneButton"
      >
        <svg
          aria-hidden="true"
          class="MuiSvgIcon-root MuiSvgIcon-fontSizeMedium css-i4bv87-MuiSvgIcon-root"
          data-testid="DoneIcon"
          focusable="false"
          viewBox="0 0 24 24"
        >
          <path
            d="M9 16.2 4.8 12l-1.4 1.4L9 19 21 7l-1.4-1.4L9 16.2z"
          />
        </svg>
      </button>
    </div>
  </div>
</DocumentFragment>
`;
